D cg-resident MV=0 VEC=-1     0.10591 ms/iter (+-0.68%)   residual norm after 100 iterations: 4.499321e+03
E cg-resident MV=3 VEC=-1     0.10668 ms/iter (+-1.00%)   residual norm after 100 iterations: 4.498386e+03
A cg-resident MV=0 VEC=0     0.12640 ms/iter (+-4.86%)   residual norm after 100 iterations: 4.499321e+03
B cg-resident MV=3 VEC=0     0.11951 ms/iter (+-5.19%)   residual norm after 100 iterations: 4.498386e+03
C cg-resident MV=3 VEC=1     0.12796 ms/iter (+-10.24%)   residual norm after 100 iterations: 4.498386e+03
F cg-resident MV=1 VEC=-1     0.17279 ms/iter (+-3.12%)   residual norm after 100 iterations: 4.498383e+03
G cg-resident MV=2 VEC=-1     0.18624 ms/iter (+-0.88%)   residual norm after 100 iterations: 4.498130e+03
D cg-resident MV=0 VEC=-1     1.22904 ms/iter (+-0.06%)   residual norm after 100 iterations: 4.981465e+04
E cg-resident MV=3 VEC=-1     1.23108 ms/iter (+-0.26%)   residual norm after 100 iterations: 4.981564e+04
A cg-resident MV=0 VEC=0     1.32447 ms/iter (+-0.11%)   residual norm after 100 iterations: 4.981465e+04
B cg-resident MV=3 VEC=0     1.32174 ms/iter (+-0.02%)   residual norm after 100 iterations: 4.981564e+04
C cg-resident MV=3 VEC=1     1.31322 ms/iter (+-0.05%)   residual norm after 100 iterations: 4.981558e+04
F cg-resident MV=1 VEC=-1     2.22134 ms/iter (+-0.01%)   residual norm after 100 iterations: 4.981558e+04
G cg-resident MV=2 VEC=-1     2.36855 ms/iter (+-0.02%)   residual norm after 100 iterations: 4.980924e+04
D cg-resident MV=0 VEC=-1     4.77310 ms/iter (+-0.28%)   residual norm after 100 iterations: 1.479004e+05
E cg-resident MV=3 VEC=-1     4.76284 ms/iter (+-0.01%)   residual norm after 100 iterations: 1.481318e+05
A cg-resident MV=0 VEC=0     5.11971 ms/iter (+-0.01%)   residual norm after 100 iterations: 1.479004e+05
B cg-resident MV=3 VEC=0     5.12875 ms/iter (+-0.26%)   residual norm after 100 iterations: 1.481318e+05
C cg-resident MV=3 VEC=1     5.36582 ms/iter (+-0.04%)   residual norm after 100 iterations: 1.481315e+05
F cg-resident MV=1 VEC=-1     8.77727 ms/iter (+-0.30%)   residual norm after 100 iterations: 1.481317e+05
G cg-resident MV=2 VEC=-1     9.36236 ms/iter (+-0.02%)   residual norm after 100 iterations: 1.480779e+05
D cg-resident MV=0 VEC=-1     0.10448 ms/iter (+-0.76%)   residual norm after 100 iterations: 8.909632e-02
E cg-resident MV=3 VEC=-1     0.10514 ms/iter (+-0.61%)   residual norm after 100 iterations: 8.910026e-02
A cg-resident MV=0 VEC=0     0.12491 ms/iter (+-0.52%)   residual norm after 100 iterations: 8.909632e-02
B cg-resident MV=3 VEC=0     0.12348 ms/iter (+-0.66%)   residual norm after 100 iterations: 8.910026e-02
C cg-resident MV=3 VEC=1     0.12055 ms/iter (+-0.78%)   residual norm after 100 iterations: 8.910026e-02
F cg-resident MV=1 VEC=-1     0.19407 ms/iter (+-0.51%)   residual norm after 100 iterations: 8.909642e-02
G cg-resident MV=2 VEC=-1     0.20772 ms/iter (+-0.37%)   residual norm after 100 iterations: 8.909771e-02
D cg-resident MV=0 VEC=-1     0.63864 ms/iter (+-0.49%)   residual norm after 100 iterations: 4.736143e+02
E cg-resident MV=3 VEC=-1     0.63378 ms/iter (+-0.07%)   residual norm after 100 iterations: 4.736323e+02
A cg-resident MV=0 VEC=0     0.70530 ms/iter (+-0.03%)   residual norm after 100 iterations: 4.736143e+02
B cg-resident MV=3 VEC=0     0.70649 ms/iter (+-0.52%)   residual norm after 100 iterations: 4.736323e+02
C cg-resident MV=3 VEC=1     0.70418 ms/iter (+-0.09%)   residual norm after 100 iterations: 4.736038e+02
F cg-resident MV=1 VEC=-1     1.35614 ms/iter (+-0.05%)   residual norm after 100 iterations: 4.736186e+02
G cg-resident MV=2 VEC=-1     1.40015 ms/iter (+-0.26%)   residual norm after 100 iterations: 4.736118e+02
D cg-resident MV=0 VEC=-1     4.81640 ms/iter (+-0.23%)   residual norm after 100 iterations: 1.366830e+04
E cg-resident MV=3 VEC=-1     4.80816 ms/iter (+-0.01%)   residual norm after 100 iterations: 1.366824e+04
A cg-resident MV=0 VEC=0     5.16751 ms/iter (+-0.01%)   residual norm after 100 iterations: 1.366830e+04
B cg-resident MV=3 VEC=0     5.19314 ms/iter (+-0.04%)   residual norm after 100 iterations: 1.366824e+04
C cg-resident MV=3 VEC=1     5.45295 ms/iter (+-0.61%)   residual norm after 100 iterations: 1.366697e+04
F cg-resident MV=1 VEC=-1    11.22199 ms/iter (+-0.45%)   residual norm after 100 iterations: 1.366819e+04
G cg-resident MV=2 VEC=-1    11.46969 ms/iter (+-0.28%)   residual norm after 100 iterations: 1.366876e+04
