N=512 (16x32)    sparse             9     1.2946     75 1.371837e-06  1.214-1.533
N=512 (16x32)    mdhu               9     1.1994     75 1.610256e-06  1.119-1.348
N=512 (16x32)    mdht               9     1.0762     75 1.610256e-06  1.015-1.126
N=512 (16x32)    ppcg               9     1.1248     75 1.610256e-06  1.101-1.155
N=512 (16x32)    ppcgt              9     0.9198     75 1.610256e-06  0.850-0.967
N=512 (16x32)    cusp               9     1.3783     75 9.827925e-07  1.335-1.508
N=512 (16x32)    ht0                9     0.9009     75 1.610256e-06  0.814-0.956
N=512 (16x32)    ht1                9     2.2404     75 1.610256e-06  2.224-2.269
N=1024 (32x32)   sparse             9     1.5599     86 1.863781e-06  1.465-1.986
N=1024 (32x32)   mdhu               9     1.5227     86 1.758474e-06  1.496-1.553
N=1024 (32x32)   mdht               9     1.4726     86 1.758474e-06  1.429-1.524
N=1024 (32x32)   ppcg               9     1.5413     87 2.326497e-06  1.481-1.775
N=1024 (32x32)   ppcgt              9     1.3436     87 2.326497e-06  1.262-1.390
N=1024 (32x32)   cusp               9     1.7129     86 1.587925e-06  1.644-2.106
N=1024 (32x32)   ht0                9     1.2512     87 2.326497e-06  1.123-1.334
N=1024 (32x32)   ht1                9     2.6269     86 2.064762e-06  2.586-2.674
N=2048 (32x64)   sparse             9     3.0289    144 2.192999e-06  2.878-3.178
N=2048 (32x64)   mdhu               9     2.9202    144 2.259277e-06  2.832-3.056
N=2048 (32x64)   mdht               9     2.9244    144 2.259277e-06  2.834-3.090
N=2048 (32x64)   ppcg               9     3.0449    144 1.812087e-06  2.842-3.225
N=2048 (32x64)   ppcgt              9     3.1680    144 1.812087e-06  2.845-3.918
N=2048 (32x64)   cusp               9     3.2449    144 2.020858e-06  3.032-3.653
N=2048 (32x64)   ht0                9     3.0069    144 1.812087e-06  2.803-3.182
N=2048 (32x64)   ht1                9     4.1889    144 2.736114e-06  3.307-4.334
N=4096 (64x64)   sparse             9     5.2069    192 2.669554e-06  4.796-7.146
N=4096 (64x64)   mdhu               9     5.2226    192 2.444002e-06  4.789-5.522
N=4096 (64x64)   mdht               9     5.1239    192 2.444002e-06  4.804-5.380
N=4096 (64x64)   ppcg               9     5.1848    192 3.132115e-06  4.820-6.139
N=4096 (64x64)   ppcgt              9     5.2463    192 3.132115e-06  4.774-5.900
N=4096 (64x64)   cusp               9     5.1122    192 3.023091e-06  4.949-5.523
N=4096 (64x64)   ht0                9     5.1547    192 3.132115e-06  4.742-5.719
N=4096 (64x64)   ht1                9     5.0534    170 2.644894e-06  5.016-5.078
N=512 (8^3)      sparse             9     0.4671     27 9.536743e-07  0.453-0.500
N=512 (8^3)      mdhu               9     0.4698     27 9.536743e-07  0.451-0.494
N=512 (8^3)      mdht               9     0.4022     27 9.536743e-07  0.376-0.427
N=512 (8^3)      ppcg               9     0.4621     27 9.536743e-07  0.445-0.480
N=512 (8^3)      ppcgt              9     0.3826     27 9.536743e-07  0.366-0.406
N=512 (8^3)      cusp               9     0.5410     27 1.192093e-06  0.522-0.564
N=512 (8^3)      ht0                9     0.3873     27 9.536743e-07  0.369-0.398
N=512 (8^3)      ht1                9     0.8529     27 9.536743e-07  0.841-0.878
N=4096 (16^3)    sparse             9     1.5131     56 1.907349e-06  1.390-1.627
N=4096 (16^3)    mdhu               9     1.5301     57 1.907349e-06  1.405-1.673
N=4096 (16^3)    mdht               9     1.5792     57 1.907349e-06  1.411-1.758
N=4096 (16^3)    ppcg               9     1.7350     62 1.668930e-06  1.559-1.816
N=4096 (16^3)    ppcgt              9     1.7541     62 1.668930e-06  1.595-1.900
N=4096 (16^3)    cusp               9     1.6814     62 2.145767e-06  1.610-1.865
N=4096 (16^3)    ht0                9     1.6541     62 1.668930e-06  1.573-1.773
N=4096 (16^3)    ht1                9     1.6718     56 1.668930e-06  1.346-1.735
N=13824 (24^3)   sparse             9     4.8992     93 2.145767e-06  4.445-5.540
N=13824 (24^3)   mdhu               9     4.7563     92 2.622604e-06  4.318-5.392
N=13824 (24^3)   mdht               9     4.6317     92 2.622604e-06  4.309-5.384
N=13824 (24^3)   ppcg               9     4.9190     84 2.622604e-06  4.851-5.027
N=13824 (24^3)   ppcgt              9     4.4643     84 2.622604e-06  4.170-5.095
N=13824 (24^3)   cusp               9     5.4633     92 2.384186e-06  5.250-6.345
N=13824 (24^3)   ht0                9     4.5161     84 2.622604e-06  4.011-4.968
N=13824 (24^3)   ht1                9     2.5992     84 2.622604e-06  2.572-2.623
N=32768 (32^3)   sparse             9    13.1033    131 2.861023e-06 12.956-13.259
N=32768 (32^3)   mdhu               9    12.7567    132 3.099442e-06 12.524-13.062
N=32768 (32^3)   mdht               9    12.0474    132 3.099442e-06 11.765-12.368
N=32768 (32^3)   ppcg               9    16.8654    131 2.861023e-06 16.587-17.182
N=32768 (32^3)   ppcgt              9    12.5907    131 2.861023e-06 12.330-12.937
N=32768 (32^3)   cusp               9    13.6664    130 3.099442e-06 13.301-14.233
N=32768 (32^3)   ht0                9    12.0587    131 2.861023e-06 11.706-12.265
N=32768 (32^3)   ht1                9     3.4940    112 2.861023e-06  3.425-3.705
